INSTRUMENTATION_STATUS: class=com.kazumaproject.markdownhelperkeyboard.converter.CounterConversionInstrumentedTest
INSTRUMENTATION_STATUS: current=1
INSTRUMENTATION_STATUS: id=AndroidJUnitRunner
INSTRUMENTATION_STATUS: numtests=4
INSTRUMENTATION_STATUS: stream=
com.kazumaproject.markdownhelperkeyboard.converter.CounterConversionInstrumentedTest:
INSTRUMENTATION_STATUS: test=wholeReadingsAndSentencesUseRulesInEveryProductionPath
INSTRUMENTATION_STATUS_CODE: 1
INSTRUMENTATION_STATUS: class=com.kazumaproject.markdownhelperkeyboard.converter.CounterConversionInstrumentedTest
INSTRUMENTATION_STATUS: current=1
INSTRUMENTATION_STATUS: id=AndroidJUnitRunner
INSTRUMENTATION_STATUS: numtests=4
INSTRUMENTATION_STATUS: stream=.
INSTRUMENTATION_STATUS: test=wholeReadingsAndSentencesUseRulesInEveryProductionPath
INSTRUMENTATION_STATUS_CODE: 0
INSTRUMENTATION_STATUS: class=com.kazumaproject.markdownhelperkeyboard.converter.CounterConversionInstrumentedTest
INSTRUMENTATION_STATUS: current=2
INSTRUMENTATION_STATUS: id=AndroidJUnitRunner
INSTRUMENTATION_STATUS: numtests=4
INSTRUMENTATION_STATUS: stream=
INSTRUMENTATION_STATUS: test=ordinaryWordsAndMultipleCountersRemainConvertible
INSTRUMENTATION_STATUS_CODE: 1
INSTRUMENTATION_STATUS: class=com.kazumaproject.markdownhelperkeyboard.converter.CounterConversionInstrumentedTest
INSTRUMENTATION_STATUS: current=2
INSTRUMENTATION_STATUS: id=AndroidJUnitRunner
INSTRUMENTATION_STATUS: numtests=4
INSTRUMENTATION_STATUS: stream=.
INSTRUMENTATION_STATUS: test=ordinaryWordsAndMultipleCountersRemainConvertible
INSTRUMENTATION_STATUS_CODE: 0
INSTRUMENTATION_STATUS: class=com.kazumaproject.markdownhelperkeyboard.converter.CounterConversionInstrumentedTest
INSTRUMENTATION_STATUS: current=3
INSTRUMENTATION_STATUS: id=AndroidJUnitRunner
INSTRUMENTATION_STATUS: numtests=4
INSTRUMENTATION_STATUS: stream=
INSTRUMENTATION_STATUS: test=bunsetsuProjectionKeepsCounterTextAndSupportsChangingItsNotation
INSTRUMENTATION_STATUS_CODE: 1
INSTRUMENTATION_STATUS: class=com.kazumaproject.markdownhelperkeyboard.converter.CounterConversionInstrumentedTest
INSTRUMENTATION_STATUS: current=3
INSTRUMENTATION_STATUS: id=AndroidJUnitRunner
INSTRUMENTATION_STATUS: numtests=4
INSTRUMENTATION_STATUS: stream=.
INSTRUMENTATION_STATUS: test=bunsetsuProjectionKeepsCounterTextAndSupportsChangingItsNotation
INSTRUMENTATION_STATUS_CODE: 0
INSTRUMENTATION_STATUS: class=com.kazumaproject.markdownhelperkeyboard.converter.CounterConversionInstrumentedTest
INSTRUMENTATION_STATUS: current=4
INSTRUMENTATION_STATUS: id=AndroidJUnitRunner
INSTRUMENTATION_STATUS: numtests=4
INSTRUMENTATION_STATUS: stream=
INSTRUMENTATION_STATUS: test=incrementalTypingEditsAndCancellationMatchFreshConversion
INSTRUMENTATION_STATUS_CODE: 1
INSTRUMENTATION_STATUS: class=com.kazumaproject.markdownhelperkeyboard.converter.CounterConversionInstrumentedTest
INSTRUMENTATION_STATUS: current=4
INSTRUMENTATION_STATUS: id=AndroidJUnitRunner
INSTRUMENTATION_STATUS: numtests=4
INSTRUMENTATION_STATUS: stream=.
INSTRUMENTATION_STATUS: test=incrementalTypingEditsAndCancellationMatchFreshConversion
INSTRUMENTATION_STATUS_CODE: 0
INSTRUMENTATION_RESULT: stream=

Time: 3.924

OK (4 tests)


INSTRUMENTATION_CODE: -1
