INSTRUMENTATION_STATUS: class=com.kazumaproject.markdownhelperkeyboard.SkinRegressionDeviceTest
INSTRUMENTATION_STATUS: current=1
INSTRUMENTATION_STATUS: id=AndroidJUnitRunner
INSTRUMENTATION_STATUS: numtests=1
INSTRUMENTATION_STATUS: stream=
com.kazumaproject.markdownhelperkeyboard.SkinRegressionDeviceTest:
INSTRUMENTATION_STATUS: test=physicalSkinMatrix
INSTRUMENTATION_STATUS_CODE: 1
INSTRUMENTATION_STATUS: stream=PASS final-gesture-landscape TENKEY-0-default

INSTRUMENTATION_STATUS_CODE: 0
INSTRUMENTATION_STATUS: stream=PASS final-gesture-landscape TENKEY-1-cupertino_light

INSTRUMENTATION_STATUS_CODE: 0
INSTRUMENTATION_STATUS: stream=PASS final-gesture-landscape TENKEY-2-cupertino_dark

INSTRUMENTATION_STATUS_CODE: 0
INSTRUMENTATION_STATUS: stream=PASS final-gesture-landscape TENKEY-3-default

INSTRUMENTATION_STATUS_CODE: 0
INSTRUMENTATION_STATUS: stream=PASS final-gesture-landscape QWERTY-0-default

INSTRUMENTATION_STATUS_CODE: 0
INSTRUMENTATION_STATUS: stream=PASS final-gesture-landscape QWERTY-1-cupertino_light

INSTRUMENTATION_STATUS_CODE: 0
INSTRUMENTATION_STATUS: stream=PASS final-gesture-landscape QWERTY-2-cupertino_dark

INSTRUMENTATION_STATUS_CODE: 0
INSTRUMENTATION_STATUS: stream=PASS final-gesture-landscape QWERTY-3-default

INSTRUMENTATION_STATUS_CODE: 0
INSTRUMENTATION_STATUS: class=com.kazumaproject.markdownhelperkeyboard.SkinRegressionDeviceTest
INSTRUMENTATION_STATUS: current=1
INSTRUMENTATION_STATUS: id=AndroidJUnitRunner
INSTRUMENTATION_STATUS: numtests=1
INSTRUMENTATION_STATUS: stream=.
INSTRUMENTATION_STATUS: test=physicalSkinMatrix
INSTRUMENTATION_STATUS_CODE: 0
INSTRUMENTATION_RESULT: stream=

Time: 131.051

OK (1 test)


INSTRUMENTATION_CODE: -1
