INSTRUMENTATION_STATUS: class=com.kazumaproject.markdownhelperkeyboard.SkinRegressionDeviceTest
INSTRUMENTATION_STATUS: current=1
INSTRUMENTATION_STATUS: id=AndroidJUnitRunner
INSTRUMENTATION_STATUS: numtests=1
INSTRUMENTATION_STATUS: stream=
com.kazumaproject.markdownhelperkeyboard.SkinRegressionDeviceTest:
INSTRUMENTATION_STATUS: test=physicalSkinMatrix
INSTRUMENTATION_STATUS_CODE: 1
INSTRUMENTATION_STATUS: stream=PASS final-cold-light TENKEY-0-cupertino_light

INSTRUMENTATION_STATUS_CODE: 0
INSTRUMENTATION_STATUS: stream=PASS final-cold-light TENKEY-1-default

INSTRUMENTATION_STATUS_CODE: 0
INSTRUMENTATION_STATUS: stream=PASS final-cold-light QWERTY-0-cupertino_light

INSTRUMENTATION_STATUS_CODE: 0
INSTRUMENTATION_STATUS: stream=PASS final-cold-light QWERTY-1-default

INSTRUMENTATION_STATUS_CODE: 0
INSTRUMENTATION_STATUS: class=com.kazumaproject.markdownhelperkeyboard.SkinRegressionDeviceTest
INSTRUMENTATION_STATUS: current=1
INSTRUMENTATION_STATUS: id=AndroidJUnitRunner
INSTRUMENTATION_STATUS: numtests=1
INSTRUMENTATION_STATUS: stream=.
INSTRUMENTATION_STATUS: test=physicalSkinMatrix
INSTRUMENTATION_STATUS_CODE: 0
INSTRUMENTATION_RESULT: stream=

Time: 67.451

OK (1 test)


INSTRUMENTATION_CODE: -1
