--------- beginning of main
I/SettingsFontConstruction( 6869): directoryLookup main=true
I/SettingsFontConstruction( 6869): mainStack[0]=java.lang.Thread.sleep(Native Method)
I/SettingsFontConstruction( 6869): java.lang.Thread.sleep(Thread.java:450)
I/SettingsFontConstruction( 6869): java.lang.Thread.sleep(Thread.java:355)
I/SettingsFontConstruction( 6869): android.os.SystemClock.sleep(SystemClock.java:143)
I/SettingsFontConstruction( 6869): com.kazumaproject.markdownhelperkeyboard.local_font.LocalFontConstructionDeviceTest$delayedStorageLookupCannotBlockMainDuringRepositoryConstruction$delayedContext$1.getNoBackupFilesDir(LocalFontConstructionDeviceTest.kt:34)
I/SettingsFontConstruction( 6869): com.kazumaproject.markdownhelperkeyboard.local_font.LocalFontRepository.<init>(LocalFontRepository.kt:63)
I/SettingsFontConstruction( 6869): com.kazumaproject.markdownhelperkeyboard.local_font.LocalFontConstructionDeviceTest.delayedStorageLookupCannotBlockMainDuringRepositoryConstruction$lambda$2(LocalFontConstructionDeviceTest.kt:47)
I/SettingsFontConstruction( 6869): com.kazumaproject.markdownhelperkeyboard.local_font.LocalFontConstructionDeviceTest.$r8$lambda$3s7Za0O4gUVzn0bK-2_PmebeM_s(Unknown Source:0)
I/SettingsFontConstruction( 6869): com.kazumaproject.markdownhelperkeyboard.local_font.LocalFontConstructionDeviceTest$$ExternalSyntheticLambda1.run(D8$$SyntheticClass:0)
I/SettingsFontConstruction( 6869): java.util.concurrent.Executors$RunnableAdapter.call(Executors.java:487)
I/SettingsFontConstruction( 6869): java.util.concurrent.FutureTask.run(FutureTask.java:264)
I/SettingsFontConstruction( 6869): android.app.Instrumentation$SyncRunnable.run(Instrumentation.java:2612)
I/SettingsFontConstruction( 6869): android.os.Handler.handleCallback(Handler.java:959)
I/SettingsFontConstruction( 6869): android.os.Handler.dispatchMessage(Handler.java:100)
I/SettingsFontConstruction( 6869): android.os.Looper.loopOnce(Looper.java:232)
I/SettingsFontConstruction( 6869): android.os.Looper.loop(Looper.java:317)
I/SettingsFontConstruction( 6869): android.app.ActivityThread.main(ActivityThread.java:8705)
I/SettingsFontConstruction( 6869): java.lang.reflect.Method.invoke(Native Method)
I/SettingsFontConstruction( 6869): com.android.internal.os.RuntimeInit$MethodAndArgsCaller.run(RuntimeInit.java:580)
I/SettingsFontConstruction( 6869): com.android.internal.os.ZygoteInit.main(ZygoteInit.java:886)
I/SettingsFontConstruction( 6869): mainStack[1]=java.lang.Thread.sleep(Native Method)
I/SettingsFontConstruction( 6869): java.lang.Thread.sleep(Thread.java:450)
I/SettingsFontConstruction( 6869): java.lang.Thread.sleep(Thread.java:355)
I/SettingsFontConstruction( 6869): android.os.SystemClock.sleep(SystemClock.java:143)
I/SettingsFontConstruction( 6869): com.kazumaproject.markdownhelperkeyboard.local_font.LocalFontConstructionDeviceTest$delayedStorageLookupCannotBlockMainDuringRepositoryConstruction$delayedContext$1.getNoBackupFilesDir(LocalFontConstructionDeviceTest.kt:34)
I/SettingsFontConstruction( 6869): com.kazumaproject.markdownhelperkeyboard.local_font.LocalFontRepository.<init>(LocalFontRepository.kt:63)
I/SettingsFontConstruction( 6869): com.kazumaproject.markdownhelperkeyboard.local_font.LocalFontConstructionDeviceTest.delayedStorageLookupCannotBlockMainDuringRepositoryConstruction$lambda$2(LocalFontConstructionDeviceTest.kt:47)
I/SettingsFontConstruction( 6869): com.kazumaproject.markdownhelperkeyboard.local_font.LocalFontConstructionDeviceTest.$r8$lambda$3s7Za0O4gUVzn0bK-2_PmebeM_s(Unknown Source:0)
I/SettingsFontConstruction( 6869): com.kazumaproject.markdownhelperkeyboard.local_font.LocalFontConstructionDeviceTest$$ExternalSyntheticLambda1.run(D8$$SyntheticClass:0)
I/SettingsFontConstruction( 6869): java.util.concurrent.Executors$RunnableAdapter.call(Executors.java:487)
I/SettingsFontConstruction( 6869): java.util.concurrent.FutureTask.run(FutureTask.java:264)
I/SettingsFontConstruction( 6869): android.app.Instrumentation$SyncRunnable.run(Instrumentation.java:2612)
I/SettingsFontConstruction( 6869): android.os.Handler.handleCallback(Handler.java:959)
I/SettingsFontConstruction( 6869): android.os.Handler.dispatchMessage(Handler.java:100)
I/SettingsFontConstruction( 6869): android.os.Looper.loopOnce(Looper.java:232)
I/SettingsFontConstruction( 6869): android.os.Looper.loop(Looper.java:317)
I/SettingsFontConstruction( 6869): android.app.ActivityThread.main(ActivityThread.java:8705)
I/SettingsFontConstruction( 6869): java.lang.reflect.Method.invoke(Native Method)
I/SettingsFontConstruction( 6869): com.android.internal.os.RuntimeInit$MethodAndArgsCaller.run(RuntimeInit.java:580)
I/SettingsFontConstruction( 6869): com.android.internal.os.ZygoteInit.main(ZygoteInit.java:886)
I/SettingsFontConstruction( 6869): mainStack[2]=java.lang.Thread.sleep(Native Method)
I/SettingsFontConstruction( 6869): java.lang.Thread.sleep(Thread.java:450)
I/SettingsFontConstruction( 6869): java.lang.Thread.sleep(Thread.java:355)
I/SettingsFontConstruction( 6869): android.os.SystemClock.sleep(SystemClock.java:143)
I/SettingsFontConstruction( 6869): com.kazumaproject.markdownhelperkeyboard.local_font.LocalFontConstructionDeviceTest$delayedStorageLookupCannotBlockMainDuringRepositoryConstruction$delayedContext$1.getNoBackupFilesDir(LocalFontConstructionDeviceTest.kt:34)
I/SettingsFontConstruction( 6869): com.kazumaproject.markdownhelperkeyboard.local_font.LocalFontRepository.<init>(LocalFontRepository.kt:63)
I/SettingsFontConstruction( 6869): com.kazumaproject.markdownhelperkeyboard.local_font.LocalFontConstructionDeviceTest.delayedStorageLookupCannotBlockMainDuringRepositoryConstruction$lambda$2(LocalFontConstructionDeviceTest.kt:47)
I/SettingsFontConstruction( 6869): com.kazumaproject.markdownhelperkeyboard.local_font.LocalFontConstructionDeviceTest.$r8$lambda$3s7Za0O4gUVzn0bK-2_PmebeM_s(Unknown Source:0)
I/SettingsFontConstruction( 6869): com.kazumaproject.markdownhelperkeyboard.local_font.LocalFontConstructionDeviceTest$$ExternalSyntheticLambda1.run(D8$$SyntheticClass:0)
I/SettingsFontConstruction( 6869): java.util.concurrent.Executors$RunnableAdapter.call(Executors.java:487)
I/SettingsFontConstruction( 6869): java.util.concurrent.FutureTask.run(FutureTask.java:264)
I/SettingsFontConstruction( 6869): android.app.Instrumentation$SyncRunnable.run(Instrumentation.java:2612)
I/SettingsFontConstruction( 6869): android.os.Handler.handleCallback(Handler.java:959)
I/SettingsFontConstruction( 6869): android.os.Handler.dispatchMessage(Handler.java:100)
I/SettingsFontConstruction( 6869): android.os.Looper.loopOnce(Looper.java:232)
I/SettingsFontConstruction( 6869): android.os.Looper.loop(Looper.java:317)
I/SettingsFontConstruction( 6869): android.app.ActivityThread.main(ActivityThread.java:8705)
I/SettingsFontConstruction( 6869): java.lang.reflect.Method.invoke(Native Method)
I/SettingsFontConstruction( 6869): com.android.internal.os.RuntimeInit$MethodAndArgsCaller.run(RuntimeInit.java:580)
I/SettingsFontConstruction( 6869): com.android.internal.os.ZygoteInit.main(ZygoteInit.java:886)
I/SettingsFontConstruction( 6869): constructorMs=1511 expectBlocking=true calls=1
