I/SettingsFontConstruction(10488): constructorMs=0 expectBlocking=false calls=0
I/SettingsFontConstruction(10488): directoryLookup main=false
I/SettingsFontConstruction(10488): mainStack[0]=android.os.MessageQueue.nativePollOnce(Native Method)
I/SettingsFontConstruction(10488): android.os.MessageQueue.next(MessageQueue.java:346)
I/SettingsFontConstruction(10488): android.os.Looper.loopOnce(Looper.java:189)
I/SettingsFontConstruction(10488): android.os.Looper.loop(Looper.java:317)
I/SettingsFontConstruction(10488): android.app.ActivityThread.main(ActivityThread.java:8705)
I/SettingsFontConstruction(10488): java.lang.reflect.Method.invoke(Native Method)
I/SettingsFontConstruction(10488): com.android.internal.os.RuntimeInit$MethodAndArgsCaller.run(RuntimeInit.java:580)
I/SettingsFontConstruction(10488): com.android.internal.os.ZygoteInit.main(ZygoteInit.java:886)
I/SettingsFontConstruction(10488): mainStack[1]=android.os.MessageQueue.nativePollOnce(Native Method)
I/SettingsFontConstruction(10488): android.os.MessageQueue.next(MessageQueue.java:346)
I/SettingsFontConstruction(10488): android.os.Looper.loopOnce(Looper.java:189)
I/SettingsFontConstruction(10488): android.os.Looper.loop(Looper.java:317)
I/SettingsFontConstruction(10488): android.app.ActivityThread.main(ActivityThread.java:8705)
I/SettingsFontConstruction(10488): java.lang.reflect.Method.invoke(Native Method)
I/SettingsFontConstruction(10488): com.android.internal.os.RuntimeInit$MethodAndArgsCaller.run(RuntimeInit.java:580)
I/SettingsFontConstruction(10488): com.android.internal.os.ZygoteInit.main(ZygoteInit.java:886)
I/SettingsFontConstruction(10488): mainStack[2]=android.os.MessageQueue.nativePollOnce(Native Method)
I/SettingsFontConstruction(10488): android.os.MessageQueue.next(MessageQueue.java:346)
I/SettingsFontConstruction(10488): android.os.Looper.loopOnce(Looper.java:189)
I/SettingsFontConstruction(10488): android.os.Looper.loop(Looper.java:317)
I/SettingsFontConstruction(10488): android.app.ActivityThread.main(ActivityThread.java:8705)
I/SettingsFontConstruction(10488): java.lang.reflect.Method.invoke(Native Method)
I/SettingsFontConstruction(10488): com.android.internal.os.RuntimeInit$MethodAndArgsCaller.run(RuntimeInit.java:580)
I/SettingsFontConstruction(10488): com.android.internal.os.ZygoteInit.main(ZygoteInit.java:886)
