INSTRUMENTATION_STATUS: class=com.kazumaproject.markdownhelperkeyboard.setting_activity.SettingsAsyncLoadingInstrumentedTest
INSTRUMENTATION_STATUS: current=1
INSTRUMENTATION_STATUS: id=AndroidJUnitRunner
INSTRUMENTATION_STATUS: numtests=15
INSTRUMENTATION_STATUS: stream=
com.kazumaproject.markdownhelperkeyboard.setting_activity.SettingsAsyncLoadingInstrumentedTest:
INSTRUMENTATION_STATUS: test=failedXmlLoadShowsRetryAndSuccessfulRetryBindsPreferences
INSTRUMENTATION_STATUS_CODE: 1
INSTRUMENTATION_STATUS: class=com.kazumaproject.markdownhelperkeyboard.setting_activity.SettingsAsyncLoadingInstrumentedTest
INSTRUMENTATION_STATUS: current=1
INSTRUMENTATION_STATUS: id=AndroidJUnitRunner
INSTRUMENTATION_STATUS: numtests=15
INSTRUMENTATION_STATUS: stream=.
INSTRUMENTATION_STATUS: test=failedXmlLoadShowsRetryAndSuccessfulRetryBindsPreferences
INSTRUMENTATION_STATUS_CODE: 0
INSTRUMENTATION_STATUS: class=com.kazumaproject.markdownhelperkeyboard.setting_activity.SettingsAsyncLoadingInstrumentedTest
INSTRUMENTATION_STATUS: current=2
INSTRUMENTATION_STATUS: id=AndroidJUnitRunner
INSTRUMENTATION_STATUS: numtests=15
INSTRUMENTATION_STATUS: stream=
INSTRUMENTATION_STATUS: test=everyLegacyPreferenceTabBindsItsItemsWithoutLoadingErrors
INSTRUMENTATION_STATUS_CODE: 1
INSTRUMENTATION_STATUS: class=com.kazumaproject.markdownhelperkeyboard.setting_activity.SettingsAsyncLoadingInstrumentedTest
INSTRUMENTATION_STATUS: current=2
INSTRUMENTATION_STATUS: id=AndroidJUnitRunner
INSTRUMENTATION_STATUS: numtests=15
INSTRUMENTATION_STATUS: stream=.
INSTRUMENTATION_STATUS: test=everyLegacyPreferenceTabBindsItsItemsWithoutLoadingErrors
INSTRUMENTATION_STATUS_CODE: 0
INSTRUMENTATION_STATUS: class=com.kazumaproject.markdownhelperkeyboard.setting_activity.SettingsAsyncLoadingInstrumentedTest
INSTRUMENTATION_STATUS: current=3
INSTRUMENTATION_STATUS: id=AndroidJUnitRunner
INSTRUMENTATION_STATUS: numtests=15
INSTRUMENTATION_STATUS: stream=
INSTRUMENTATION_STATUS: test=startupDisplaysProgressAndAcceptsBackWhilePreferencesAreDelayed
INSTRUMENTATION_STATUS_CODE: 1
INSTRUMENTATION_STATUS: class=com.kazumaproject.markdownhelperkeyboard.setting_activity.SettingsAsyncLoadingInstrumentedTest
INSTRUMENTATION_STATUS: current=3
INSTRUMENTATION_STATUS: id=AndroidJUnitRunner
INSTRUMENTATION_STATUS: numtests=15
INSTRUMENTATION_STATUS: stream=.
INSTRUMENTATION_STATUS: test=startupDisplaysProgressAndAcceptsBackWhilePreferencesAreDelayed
INSTRUMENTATION_STATUS_CODE: 0
INSTRUMENTATION_STATUS: class=com.kazumaproject.markdownhelperkeyboard.setting_activity.SettingsAsyncLoadingInstrumentedTest
INSTRUMENTATION_STATUS: current=4
INSTRUMENTATION_STATUS: id=AndroidJUnitRunner
INSTRUMENTATION_STATUS: numtests=15
INSTRUMENTATION_STATUS: stream=
INSTRUMENTATION_STATUS: test=databaseInitializationNeverBlocksMainInEitherHome
INSTRUMENTATION_STATUS_CODE: 1
INSTRUMENTATION_STATUS: class=com.kazumaproject.markdownhelperkeyboard.setting_activity.SettingsAsyncLoadingInstrumentedTest
INSTRUMENTATION_STATUS: current=4
INSTRUMENTATION_STATUS: id=AndroidJUnitRunner
INSTRUMENTATION_STATUS: numtests=15
INSTRUMENTATION_STATUS: stream=.
INSTRUMENTATION_STATUS: test=databaseInitializationNeverBlocksMainInEitherHome
INSTRUMENTATION_STATUS_CODE: 0
INSTRUMENTATION_STATUS: class=com.kazumaproject.markdownhelperkeyboard.setting_activity.SettingsAsyncLoadingInstrumentedTest
INSTRUMENTATION_STATUS: current=5
INSTRUMENTATION_STATUS: id=AndroidJUnitRunner
INSTRUMENTATION_STATUS: numtests=15
INSTRUMENTATION_STATUS: stream=
INSTRUMENTATION_STATUS: test=gemmaModelDiscoveryNeverBlocksMain
INSTRUMENTATION_STATUS_CODE: 1
INSTRUMENTATION_STATUS: class=com.kazumaproject.markdownhelperkeyboard.setting_activity.SettingsAsyncLoadingInstrumentedTest
INSTRUMENTATION_STATUS: current=5
INSTRUMENTATION_STATUS: id=AndroidJUnitRunner
INSTRUMENTATION_STATUS: numtests=15
INSTRUMENTATION_STATUS: stream=.
INSTRUMENTATION_STATUS: test=gemmaModelDiscoveryNeverBlocksMain
INSTRUMENTATION_STATUS_CODE: 0
INSTRUMENTATION_STATUS: class=com.kazumaproject.markdownhelperkeyboard.setting_activity.SettingsAsyncLoadingInstrumentedTest
INSTRUMENTATION_STATUS: current=6
INSTRUMENTATION_STATUS: id=AndroidJUnitRunner
INSTRUMENTATION_STATUS: numtests=15
INSTRUMENTATION_STATUS: stream=
INSTRUMENTATION_STATUS: test=packageInfoLoadingIsOffMainAndCanBeLeftWithBack
INSTRUMENTATION_STATUS_CODE: 1
INSTRUMENTATION_STATUS: class=com.kazumaproject.markdownhelperkeyboard.setting_activity.SettingsAsyncLoadingInstrumentedTest
INSTRUMENTATION_STATUS: current=6
INSTRUMENTATION_STATUS: id=AndroidJUnitRunner
INSTRUMENTATION_STATUS: numtests=15
INSTRUMENTATION_STATUS: stream=.
INSTRUMENTATION_STATUS: test=packageInfoLoadingIsOffMainAndCanBeLeftWithBack
INSTRUMENTATION_STATUS_CODE: 0
INSTRUMENTATION_STATUS: class=com.kazumaproject.markdownhelperkeyboard.setting_activity.SettingsAsyncLoadingInstrumentedTest
INSTRUMENTATION_STATUS: current=7
INSTRUMENTATION_STATUS: id=AndroidJUnitRunner
INSTRUMENTATION_STATUS: numtests=15
INSTRUMENTATION_STATUS: stream=
INSTRUMENTATION_STATUS: test=startupFontLoadingIsOffMainAndKeepsProgressVisible
INSTRUMENTATION_STATUS_CODE: 1
INSTRUMENTATION_STATUS: class=com.kazumaproject.markdownhelperkeyboard.setting_activity.SettingsAsyncLoadingInstrumentedTest
INSTRUMENTATION_STATUS: current=7
INSTRUMENTATION_STATUS: id=AndroidJUnitRunner
INSTRUMENTATION_STATUS: numtests=15
INSTRUMENTATION_STATUS: stream=.
INSTRUMENTATION_STATUS: test=startupFontLoadingIsOffMainAndKeepsProgressVisible
INSTRUMENTATION_STATUS_CODE: 0
INSTRUMENTATION_STATUS: class=com.kazumaproject.markdownhelperkeyboard.setting_activity.SettingsAsyncLoadingInstrumentedTest
INSTRUMENTATION_STATUS: current=8
INSTRUMENTATION_STATUS: id=AndroidJUnitRunner
INSTRUMENTATION_STATUS: numtests=15
INSTRUMENTATION_STATUS: stream=
INSTRUMENTATION_STATUS: test=searchIndexLoadingShowsProgressAndAcceptsBack
INSTRUMENTATION_STATUS_CODE: 1
INSTRUMENTATION_STATUS: class=com.kazumaproject.markdownhelperkeyboard.setting_activity.SettingsAsyncLoadingInstrumentedTest
INSTRUMENTATION_STATUS: current=8
INSTRUMENTATION_STATUS: id=AndroidJUnitRunner
INSTRUMENTATION_STATUS: numtests=15
INSTRUMENTATION_STATUS: stream=.
INSTRUMENTATION_STATUS: test=searchIndexLoadingShowsProgressAndAcceptsBack
INSTRUMENTATION_STATUS_CODE: 0
INSTRUMENTATION_STATUS: class=com.kazumaproject.markdownhelperkeyboard.setting_activity.SettingsAsyncLoadingInstrumentedTest
INSTRUMENTATION_STATUS: current=9
INSTRUMENTATION_STATUS: id=AndroidJUnitRunner
INSTRUMENTATION_STATUS: numtests=15
INSTRUMENTATION_STATUS: stream=
INSTRUMENTATION_STATUS: test=textMacroInitialReadShowsProgressAndAcceptsBack
INSTRUMENTATION_STATUS_CODE: 1
INSTRUMENTATION_STATUS: class=com.kazumaproject.markdownhelperkeyboard.setting_activity.SettingsAsyncLoadingInstrumentedTest
INSTRUMENTATION_STATUS: current=9
INSTRUMENTATION_STATUS: id=AndroidJUnitRunner
INSTRUMENTATION_STATUS: numtests=15
INSTRUMENTATION_STATUS: stream=.
INSTRUMENTATION_STATUS: test=textMacroInitialReadShowsProgressAndAcceptsBack
INSTRUMENTATION_STATUS_CODE: 0
INSTRUMENTATION_STATUS: class=com.kazumaproject.markdownhelperkeyboard.setting_activity.SettingsAsyncLoadingInstrumentedTest
INSTRUMENTATION_STATUS: current=10
INSTRUMENTATION_STATUS: id=AndroidJUnitRunner
INSTRUMENTATION_STATUS: numtests=15
INSTRUMENTATION_STATUS: stream=
INSTRUMENTATION_STATUS: test=legacyXmlLoadingAllowsSwitchingToReadyTabAndSurvivesRecreation
INSTRUMENTATION_STATUS_CODE: 1
INSTRUMENTATION_STATUS: class=com.kazumaproject.markdownhelperkeyboard.setting_activity.SettingsAsyncLoadingInstrumentedTest
INSTRUMENTATION_STATUS: current=10
INSTRUMENTATION_STATUS: id=AndroidJUnitRunner
INSTRUMENTATION_STATUS: numtests=15
INSTRUMENTATION_STATUS: stream=.
INSTRUMENTATION_STATUS: test=legacyXmlLoadingAllowsSwitchingToReadyTabAndSurvivesRecreation
INSTRUMENTATION_STATUS_CODE: 0
INSTRUMENTATION_STATUS: class=com.kazumaproject.markdownhelperkeyboard.local_font.LocalFontRepositoryCancellationDeviceTest
INSTRUMENTATION_STATUS: current=11
INSTRUMENTATION_STATUS: id=AndroidJUnitRunner
INSTRUMENTATION_STATUS: numtests=15
INSTRUMENTATION_STATUS: stream=
com.kazumaproject.markdownhelperkeyboard.local_font.LocalFontRepositoryCancellationDeviceTest:
INSTRUMENTATION_STATUS: test=cancellingOnMainDoesNotWaitForBlockedCursorClose
INSTRUMENTATION_STATUS_CODE: 1
INSTRUMENTATION_STATUS: class=com.kazumaproject.markdownhelperkeyboard.local_font.LocalFontRepositoryCancellationDeviceTest
INSTRUMENTATION_STATUS: current=11
INSTRUMENTATION_STATUS: id=AndroidJUnitRunner
INSTRUMENTATION_STATUS: numtests=15
INSTRUMENTATION_STATUS: stream=.
INSTRUMENTATION_STATUS: test=cancellingOnMainDoesNotWaitForBlockedCursorClose
INSTRUMENTATION_STATUS_CODE: 0
INSTRUMENTATION_STATUS: class=com.kazumaproject.markdownhelperkeyboard.local_font.LocalFontRepositoryCancellationDeviceTest
INSTRUMENTATION_STATUS: current=12
INSTRUMENTATION_STATUS: id=AndroidJUnitRunner
INSTRUMENTATION_STATUS: numtests=15
INSTRUMENTATION_STATUS: stream=
INSTRUMENTATION_STATUS: test=cancellingBlockedProviderReadAllowsAnotherSelectionAndRestore
INSTRUMENTATION_STATUS_CODE: 1
INSTRUMENTATION_STATUS: class=com.kazumaproject.markdownhelperkeyboard.local_font.LocalFontRepositoryCancellationDeviceTest
INSTRUMENTATION_STATUS: current=12
INSTRUMENTATION_STATUS: id=AndroidJUnitRunner
INSTRUMENTATION_STATUS: numtests=15
INSTRUMENTATION_STATUS: stream=.
INSTRUMENTATION_STATUS: test=cancellingBlockedProviderReadAllowsAnotherSelectionAndRestore
INSTRUMENTATION_STATUS_CODE: 0
INSTRUMENTATION_STATUS: class=com.kazumaproject.markdownhelperkeyboard.local_font.LocalFontRepositoryCancellationDeviceTest
INSTRUMENTATION_STATUS: current=13
INSTRUMENTATION_STATUS: id=AndroidJUnitRunner
INSTRUMENTATION_STATUS: numtests=15
INSTRUMENTATION_STATUS: stream=
INSTRUMENTATION_STATUS: test=cancellationDuringQueryDoesNotReadLateReturnedCursor
INSTRUMENTATION_STATUS_CODE: 1
INSTRUMENTATION_STATUS: class=com.kazumaproject.markdownhelperkeyboard.local_font.LocalFontRepositoryCancellationDeviceTest
INSTRUMENTATION_STATUS: current=13
INSTRUMENTATION_STATUS: id=AndroidJUnitRunner
INSTRUMENTATION_STATUS: numtests=15
INSTRUMENTATION_STATUS: stream=.
INSTRUMENTATION_STATUS: test=cancellationDuringQueryDoesNotReadLateReturnedCursor
INSTRUMENTATION_STATUS_CODE: 0
INSTRUMENTATION_STATUS: class=com.kazumaproject.markdownhelperkeyboard.local_font.LocalFontConstructionDeviceTest
INSTRUMENTATION_STATUS: current=14
INSTRUMENTATION_STATUS: id=AndroidJUnitRunner
INSTRUMENTATION_STATUS: numtests=15
INSTRUMENTATION_STATUS: stream=
com.kazumaproject.markdownhelperkeyboard.local_font.LocalFontConstructionDeviceTest:
INSTRUMENTATION_STATUS: test=failedStorageInitializationCanBeRetried
INSTRUMENTATION_STATUS_CODE: 1
INSTRUMENTATION_STATUS: class=com.kazumaproject.markdownhelperkeyboard.local_font.LocalFontConstructionDeviceTest
INSTRUMENTATION_STATUS: current=14
INSTRUMENTATION_STATUS: id=AndroidJUnitRunner
INSTRUMENTATION_STATUS: numtests=15
INSTRUMENTATION_STATUS: stream=.
INSTRUMENTATION_STATUS: test=failedStorageInitializationCanBeRetried
INSTRUMENTATION_STATUS_CODE: 0
INSTRUMENTATION_STATUS: class=com.kazumaproject.markdownhelperkeyboard.local_font.LocalFontConstructionDeviceTest
INSTRUMENTATION_STATUS: current=15
INSTRUMENTATION_STATUS: id=AndroidJUnitRunner
INSTRUMENTATION_STATUS: numtests=15
INSTRUMENTATION_STATUS: stream=
INSTRUMENTATION_STATUS: test=delayedStorageLookupCannotBlockMainDuringRepositoryConstruction
INSTRUMENTATION_STATUS_CODE: 1
INSTRUMENTATION_STATUS: class=com.kazumaproject.markdownhelperkeyboard.local_font.LocalFontConstructionDeviceTest
INSTRUMENTATION_STATUS: current=15
INSTRUMENTATION_STATUS: id=AndroidJUnitRunner
INSTRUMENTATION_STATUS: numtests=15
INSTRUMENTATION_STATUS: stream=.
INSTRUMENTATION_STATUS: test=delayedStorageLookupCannotBlockMainDuringRepositoryConstruction
INSTRUMENTATION_STATUS_CODE: 0
INSTRUMENTATION_RESULT: stream=

Time: 44.512

OK (15 tests)


INSTRUMENTATION_CODE: -1
