INSTRUMENTATION_STATUS: class=com.kazumaproject.markdownhelperkeyboard.setting_activity.SettingsBackupInsetsInstrumentedTest
INSTRUMENTATION_STATUS: current=1
INSTRUMENTATION_STATUS: id=AndroidJUnitRunner
INSTRUMENTATION_STATUS: numtests=28
INSTRUMENTATION_STATUS: stream=
com.kazumaproject.markdownhelperkeyboard.setting_activity.SettingsBackupInsetsInstrumentedTest:
INSTRUMENTATION_STATUS: test=delayedStartupKeepsLegacyTabsBelowActionBar
INSTRUMENTATION_STATUS_CODE: 1
INSTRUMENTATION_STATUS: stream=delayed-startup: Geometry(barBottom=296, tabsTop=296, rootPadding=0, contentPadding=296)

INSTRUMENTATION_STATUS_CODE: 0
INSTRUMENTATION_STATUS: class=com.kazumaproject.markdownhelperkeyboard.setting_activity.SettingsBackupInsetsInstrumentedTest
INSTRUMENTATION_STATUS: current=1
INSTRUMENTATION_STATUS: id=AndroidJUnitRunner
INSTRUMENTATION_STATUS: numtests=28
INSTRUMENTATION_STATUS: stream=.
INSTRUMENTATION_STATUS: test=delayedStartupKeepsLegacyTabsBelowActionBar
INSTRUMENTATION_STATUS_CODE: 0
INSTRUMENTATION_STATUS: class=com.kazumaproject.markdownhelperkeyboard.setting_activity.SettingsBackupInsetsInstrumentedTest
INSTRUMENTATION_STATUS: current=2
INSTRUMENTATION_STATUS: id=AndroidJUnitRunner
INSTRUMENTATION_STATUS: numtests=28
INSTRUMENTATION_STATUS: stream=
INSTRUMENTATION_STATUS: test=exportedBackupImportKeepsLegacyTabsBelowActionBarAfterDelayedRecreation
INSTRUMENTATION_STATUS_CODE: 1
INSTRUMENTATION_STATUS: stream=restored-before-import: Geometry(barBottom=296, tabsTop=296, rootPadding=0, contentPadding=296)

INSTRUMENTATION_STATUS_CODE: 0
INSTRUMENTATION_STATUS: stream=restored-after-import: Geometry(barBottom=296, tabsTop=296, rootPadding=0, contentPadding=0)

INSTRUMENTATION_STATUS_CODE: 0
INSTRUMENTATION_STATUS: stream=restored-after-second-recreation: Geometry(barBottom=296, tabsTop=296, rootPadding=0, contentPadding=0)

INSTRUMENTATION_STATUS_CODE: 0
INSTRUMENTATION_STATUS: class=com.kazumaproject.markdownhelperkeyboard.setting_activity.SettingsBackupInsetsInstrumentedTest
INSTRUMENTATION_STATUS: current=2
INSTRUMENTATION_STATUS: id=AndroidJUnitRunner
INSTRUMENTATION_STATUS: numtests=28
INSTRUMENTATION_STATUS: stream=.
INSTRUMENTATION_STATUS: test=exportedBackupImportKeepsLegacyTabsBelowActionBarAfterDelayedRecreation
INSTRUMENTATION_STATUS_CODE: 0
INSTRUMENTATION_STATUS: class=com.kazumaproject.markdownhelperkeyboard.setting_activity.SettingsBackupInsetsInstrumentedTest
INSTRUMENTATION_STATUS: current=3
INSTRUMENTATION_STATUS: id=AndroidJUnitRunner
INSTRUMENTATION_STATUS: numtests=28
INSTRUMENTATION_STATUS: stream=
INSTRUMENTATION_STATUS: test=exportedBackupImportKeepsLegacyTabsBelowActionBarWithStableEdgeToEdgeLayout
INSTRUMENTATION_STATUS_CODE: 1
INSTRUMENTATION_STATUS: stream=stable-before-import: Geometry(barBottom=296, tabsTop=296, rootPadding=0, contentPadding=296)

INSTRUMENTATION_STATUS_CODE: 0
INSTRUMENTATION_STATUS: stream=stable-after-import: Geometry(barBottom=296, tabsTop=296, rootPadding=0, contentPadding=296)

INSTRUMENTATION_STATUS_CODE: 0
INSTRUMENTATION_STATUS: stream=stable-after-second-recreation: Geometry(barBottom=296, tabsTop=296, rootPadding=0, contentPadding=296)

INSTRUMENTATION_STATUS_CODE: 0
INSTRUMENTATION_STATUS: class=com.kazumaproject.markdownhelperkeyboard.setting_activity.SettingsBackupInsetsInstrumentedTest
INSTRUMENTATION_STATUS: current=3
INSTRUMENTATION_STATUS: id=AndroidJUnitRunner
INSTRUMENTATION_STATUS: numtests=28
INSTRUMENTATION_STATUS: stream=.
INSTRUMENTATION_STATUS: test=exportedBackupImportKeepsLegacyTabsBelowActionBarWithStableEdgeToEdgeLayout
INSTRUMENTATION_STATUS_CODE: 0
INSTRUMENTATION_STATUS: class=com.kazumaproject.markdownhelperkeyboard.setting_activity.SettingsNavigationLayoutInstrumentedTest
INSTRUMENTATION_STATUS: current=4
INSTRUMENTATION_STATUS: id=AndroidJUnitRunner
INSTRUMENTATION_STATUS: numtests=28
INSTRUMENTATION_STATUS: stream=
com.kazumaproject.markdownhelperkeyboard.setting_activity.SettingsNavigationLayoutInstrumentedTest:
INSTRUMENTATION_STATUS: test=recreationRestoresThemePreferencesInBothHomeModes
INSTRUMENTATION_STATUS_CODE: 1
INSTRUMENTATION_STATUS: class=com.kazumaproject.markdownhelperkeyboard.setting_activity.SettingsNavigationLayoutInstrumentedTest
INSTRUMENTATION_STATUS: current=4
INSTRUMENTATION_STATUS: id=AndroidJUnitRunner
INSTRUMENTATION_STATUS: numtests=28
INSTRUMENTATION_STATUS: stream=.
INSTRUMENTATION_STATUS: test=recreationRestoresThemePreferencesInBothHomeModes
INSTRUMENTATION_STATUS_CODE: 0
INSTRUMENTATION_STATUS: class=com.kazumaproject.markdownhelperkeyboard.setting_activity.SettingsNavigationLayoutInstrumentedTest
INSTRUMENTATION_STATUS: current=5
INSTRUMENTATION_STATUS: id=AndroidJUnitRunner
INSTRUMENTATION_STATUS: numtests=28
INSTRUMENTATION_STATUS: stream=
INSTRUMENTATION_STATUS: test=returningFromOwnToolbarFragmentKeepsSharedActionBarAligned
INSTRUMENTATION_STATUS_CODE: 1
INSTRUMENTATION_STATUS: class=com.kazumaproject.markdownhelperkeyboard.setting_activity.SettingsNavigationLayoutInstrumentedTest
INSTRUMENTATION_STATUS: current=5
INSTRUMENTATION_STATUS: id=AndroidJUnitRunner
INSTRUMENTATION_STATUS: numtests=28
INSTRUMENTATION_STATUS: stream=.
INSTRUMENTATION_STATUS: test=returningFromOwnToolbarFragmentKeepsSharedActionBarAligned
INSTRUMENTATION_STATUS_CODE: 0
INSTRUMENTATION_STATUS: class=com.kazumaproject.markdownhelperkeyboard.setting_activity.SettingsNavigationLayoutInstrumentedTest
INSTRUMENTATION_STATUS: current=6
INSTRUMENTATION_STATUS: id=AndroidJUnitRunner
INSTRUMENTATION_STATUS: numtests=28
INSTRUMENTATION_STATUS: stream=
INSTRUMENTATION_STATUS: test=imeSettingsShortcutStartsImmediatelyBelowSharedActionBar
INSTRUMENTATION_STATUS_CODE: 1
INSTRUMENTATION_STATUS: class=com.kazumaproject.markdownhelperkeyboard.setting_activity.SettingsNavigationLayoutInstrumentedTest
INSTRUMENTATION_STATUS: current=6
INSTRUMENTATION_STATUS: id=AndroidJUnitRunner
INSTRUMENTATION_STATUS: numtests=28
INSTRUMENTATION_STATUS: stream=.
INSTRUMENTATION_STATUS: test=imeSettingsShortcutStartsImmediatelyBelowSharedActionBar
INSTRUMENTATION_STATUS_CODE: 0
INSTRUMENTATION_STATUS: class=com.kazumaproject.markdownhelperkeyboard.setting_activity.SettingsNavigationLayoutInstrumentedTest
INSTRUMENTATION_STATUS: current=7
INSTRUMENTATION_STATUS: id=AndroidJUnitRunner
INSTRUMENTATION_STATUS: numtests=28
INSTRUMENTATION_STATUS: stream=
INSTRUMENTATION_STATUS: test=coldDictionaryIntentSurvivesRecreationDuringInitializationAndRunsOnlyOnce
INSTRUMENTATION_STATUS_CODE: 1
INSTRUMENTATION_STATUS: class=com.kazumaproject.markdownhelperkeyboard.setting_activity.SettingsNavigationLayoutInstrumentedTest
INSTRUMENTATION_STATUS: current=7
INSTRUMENTATION_STATUS: id=AndroidJUnitRunner
INSTRUMENTATION_STATUS: numtests=28
INSTRUMENTATION_STATUS: stream=.
INSTRUMENTATION_STATUS: test=coldDictionaryIntentSurvivesRecreationDuringInitializationAndRunsOnlyOnce
INSTRUMENTATION_STATUS_CODE: 0
INSTRUMENTATION_STATUS: class=com.kazumaproject.markdownhelperkeyboard.setting_activity.SettingsNavigationLayoutInstrumentedTest
INSTRUMENTATION_STATUS: current=8
INSTRUMENTATION_STATUS: id=AndroidJUnitRunner
INSTRUMENTATION_STATUS: numtests=28
INSTRUMENTATION_STATUS: stream=
INSTRUMENTATION_STATUS: test=switchingHomeModesDoesNotDuplicateLegacyNavigation
INSTRUMENTATION_STATUS_CODE: 1
INSTRUMENTATION_STATUS: class=com.kazumaproject.markdownhelperkeyboard.setting_activity.SettingsNavigationLayoutInstrumentedTest
INSTRUMENTATION_STATUS: current=8
INSTRUMENTATION_STATUS: id=AndroidJUnitRunner
INSTRUMENTATION_STATUS: numtests=28
INSTRUMENTATION_STATUS: stream=.
INSTRUMENTATION_STATUS: test=switchingHomeModesDoesNotDuplicateLegacyNavigation
INSTRUMENTATION_STATUS_CODE: 0
INSTRUMENTATION_STATUS: class=com.kazumaproject.markdownhelperkeyboard.setting_activity.SettingsNavigationLayoutInstrumentedTest
INSTRUMENTATION_STATUS: current=9
INSTRUMENTATION_STATUS: id=AndroidJUnitRunner
INSTRUMENTATION_STATUS: numtests=28
INSTRUMENTATION_STATUS: stream=
INSTRUMENTATION_STATUS: test=restoredThemeIsCreatedAfterActivityOnCreate
INSTRUMENTATION_STATUS_CODE: 1
INSTRUMENTATION_STATUS: class=com.kazumaproject.markdownhelperkeyboard.setting_activity.SettingsNavigationLayoutInstrumentedTest
INSTRUMENTATION_STATUS: current=9
INSTRUMENTATION_STATUS: id=AndroidJUnitRunner
INSTRUMENTATION_STATUS: numtests=28
INSTRUMENTATION_STATUS: stream=.
INSTRUMENTATION_STATUS: test=restoredThemeIsCreatedAfterActivityOnCreate
INSTRUMENTATION_STATUS_CODE: 0
INSTRUMENTATION_STATUS: class=com.kazumaproject.markdownhelperkeyboard.setting_activity.SettingsNavigationLayoutInstrumentedTest
INSTRUMENTATION_STATUS: current=10
INSTRUMENTATION_STATUS: id=AndroidJUnitRunner
INSTRUMENTATION_STATUS: numtests=28
INSTRUMENTATION_STATUS: stream=
INSTRUMENTATION_STATUS: test=freshActivityCreationKeepsTheSelectedHomeAndInflatesOnlyItsRequiredNavigation
INSTRUMENTATION_STATUS_CODE: 1
INSTRUMENTATION_STATUS: class=com.kazumaproject.markdownhelperkeyboard.setting_activity.SettingsNavigationLayoutInstrumentedTest
INSTRUMENTATION_STATUS: current=10
INSTRUMENTATION_STATUS: id=AndroidJUnitRunner
INSTRUMENTATION_STATUS: numtests=28
INSTRUMENTATION_STATUS: stream=.
INSTRUMENTATION_STATUS: test=freshActivityCreationKeepsTheSelectedHomeAndInflatesOnlyItsRequiredNavigation
INSTRUMENTATION_STATUS_CODE: 0
INSTRUMENTATION_STATUS: class=com.kazumaproject.markdownhelperkeyboard.setting_activity.SettingsNavigationLayoutInstrumentedTest
INSTRUMENTATION_STATUS: current=11
INSTRUMENTATION_STATUS: id=AndroidJUnitRunner
INSTRUMENTATION_STATUS: numtests=28
INSTRUMENTATION_STATUS: stream=
INSTRUMENTATION_STATUS: test=splitQwertyScreensOpenFromBothHomeModes
INSTRUMENTATION_STATUS_CODE: 1
INSTRUMENTATION_STATUS: class=com.kazumaproject.markdownhelperkeyboard.setting_activity.SettingsNavigationLayoutInstrumentedTest
INSTRUMENTATION_STATUS: current=11
INSTRUMENTATION_STATUS: id=AndroidJUnitRunner
INSTRUMENTATION_STATUS: numtests=28
INSTRUMENTATION_STATUS: stream=.
INSTRUMENTATION_STATUS: test=splitQwertyScreensOpenFromBothHomeModes
INSTRUMENTATION_STATUS_CODE: 0
INSTRUMENTATION_STATUS: class=com.kazumaproject.markdownhelperkeyboard.setting_activity.SettingsNavigationLayoutInstrumentedTest
INSTRUMENTATION_STATUS: current=12
INSTRUMENTATION_STATUS: id=AndroidJUnitRunner
INSTRUMENTATION_STATUS: numtests=28
INSTRUMENTATION_STATUS: stream=
INSTRUMENTATION_STATUS: test=restoredDetailAndBackStackSurviveRepeatedRecreationWhileInitializationWaits
INSTRUMENTATION_STATUS_CODE: 1
INSTRUMENTATION_STATUS: class=com.kazumaproject.markdownhelperkeyboard.setting_activity.SettingsNavigationLayoutInstrumentedTest
INSTRUMENTATION_STATUS: current=12
INSTRUMENTATION_STATUS: id=AndroidJUnitRunner
INSTRUMENTATION_STATUS: numtests=28
INSTRUMENTATION_STATUS: stream=.
INSTRUMENTATION_STATUS: test=restoredDetailAndBackStackSurviveRepeatedRecreationWhileInitializationWaits
INSTRUMENTATION_STATUS_CODE: 0
INSTRUMENTATION_STATUS: class=com.kazumaproject.markdownhelperkeyboard.setting_activity.SettingsNavigationLayoutInstrumentedTest
INSTRUMENTATION_STATUS: current=13
INSTRUMENTATION_STATUS: id=AndroidJUnitRunner
INSTRUMENTATION_STATUS: numtests=28
INSTRUMENTATION_STATUS: stream=
INSTRUMENTATION_STATUS: test=legacyBottomNavigationStaysAboveSystemNavigation
INSTRUMENTATION_STATUS_CODE: 1
INSTRUMENTATION_STATUS: class=com.kazumaproject.markdownhelperkeyboard.setting_activity.SettingsNavigationLayoutInstrumentedTest
INSTRUMENTATION_STATUS: current=13
INSTRUMENTATION_STATUS: id=AndroidJUnitRunner
INSTRUMENTATION_STATUS: numtests=28
INSTRUMENTATION_STATUS: stream=.
INSTRUMENTATION_STATUS: test=legacyBottomNavigationStaysAboveSystemNavigation
INSTRUMENTATION_STATUS_CODE: 0
INSTRUMENTATION_STATUS: class=com.kazumaproject.markdownhelperkeyboard.setting_activity.SettingsNavigationLayoutInstrumentedTest
INSTRUMENTATION_STATUS: current=14
INSTRUMENTATION_STATUS: id=AndroidJUnitRunner
INSTRUMENTATION_STATUS: numtests=28
INSTRUMENTATION_STATUS: stream=
INSTRUMENTATION_STATUS: test=returningToEitherHomeClearsDictionaryHistory
INSTRUMENTATION_STATUS_CODE: 1
INSTRUMENTATION_STATUS: class=com.kazumaproject.markdownhelperkeyboard.setting_activity.SettingsNavigationLayoutInstrumentedTest
INSTRUMENTATION_STATUS: current=14
INSTRUMENTATION_STATUS: id=AndroidJUnitRunner
INSTRUMENTATION_STATUS: numtests=28
INSTRUMENTATION_STATUS: stream=.
INSTRUMENTATION_STATUS: test=returningToEitherHomeClearsDictionaryHistory
INSTRUMENTATION_STATUS_CODE: 0
INSTRUMENTATION_STATUS: class=com.kazumaproject.markdownhelperkeyboard.setting_activity.SettingsNavigationLayoutInstrumentedTest
INSTRUMENTATION_STATUS: current=15
INSTRUMENTATION_STATUS: id=AndroidJUnitRunner
INSTRUMENTATION_STATUS: numtests=28
INSTRUMENTATION_STATUS: stream=
INSTRUMENTATION_STATUS: test=newIntentReceivedDuringInitializationSurvivesRecreationAndRunsOnlyOnce
INSTRUMENTATION_STATUS_CODE: 1
INSTRUMENTATION_STATUS: class=com.kazumaproject.markdownhelperkeyboard.setting_activity.SettingsNavigationLayoutInstrumentedTest
INSTRUMENTATION_STATUS: current=15
INSTRUMENTATION_STATUS: id=AndroidJUnitRunner
INSTRUMENTATION_STATUS: numtests=28
INSTRUMENTATION_STATUS: stream=.
INSTRUMENTATION_STATUS: test=newIntentReceivedDuringInitializationSurvivesRecreationAndRunsOnlyOnce
INSTRUMENTATION_STATUS_CODE: 0
INSTRUMENTATION_STATUS: class=com.kazumaproject.markdownhelperkeyboard.setting_activity.SettingsNavigationLayoutInstrumentedTest
INSTRUMENTATION_STATUS: current=16
INSTRUMENTATION_STATUS: id=AndroidJUnitRunner
INSTRUMENTATION_STATUS: numtests=28
INSTRUMENTATION_STATUS: stream=
INSTRUMENTATION_STATUS: test=newHomeStartsWithoutLegacyNavigationAndKeepsTheStaticNavHostAnchor
INSTRUMENTATION_STATUS_CODE: 1
INSTRUMENTATION_STATUS: class=com.kazumaproject.markdownhelperkeyboard.setting_activity.SettingsNavigationLayoutInstrumentedTest
INSTRUMENTATION_STATUS: current=16
INSTRUMENTATION_STATUS: id=AndroidJUnitRunner
INSTRUMENTATION_STATUS: numtests=28
INSTRUMENTATION_STATUS: stream=.
INSTRUMENTATION_STATUS: test=newHomeStartsWithoutLegacyNavigationAndKeepsTheStaticNavHostAnchor
INSTRUMENTATION_STATUS_CODE: 0
INSTRUMENTATION_STATUS: class=com.kazumaproject.markdownhelperkeyboard.setting_activity.SettingsNavigationLayoutInstrumentedTest
INSTRUMENTATION_STATUS: current=17
INSTRUMENTATION_STATUS: id=AndroidJUnitRunner
INSTRUMENTATION_STATUS: numtests=28
INSTRUMENTATION_STATUS: stream=
INSTRUMENTATION_STATUS: test=popupPreviewStartsBelowSharedActionBar
INSTRUMENTATION_STATUS_CODE: 1
INSTRUMENTATION_STATUS: class=com.kazumaproject.markdownhelperkeyboard.setting_activity.SettingsNavigationLayoutInstrumentedTest
INSTRUMENTATION_STATUS: current=17
INSTRUMENTATION_STATUS: id=AndroidJUnitRunner
INSTRUMENTATION_STATUS: numtests=28
INSTRUMENTATION_STATUS: stream=.
INSTRUMENTATION_STATUS: test=popupPreviewStartsBelowSharedActionBar
INSTRUMENTATION_STATUS_CODE: 0
INSTRUMENTATION_STATUS: class=com.kazumaproject.markdownhelperkeyboard.setting_activity.SettingsNavigationLayoutInstrumentedTest
INSTRUMENTATION_STATUS: current=18
INSTRUMENTATION_STATUS: id=AndroidJUnitRunner
INSTRUMENTATION_STATUS: numtests=28
INSTRUMENTATION_STATUS: stream=
INSTRUMENTATION_STATUS: test=recreationPreservesADetailDestinationInBothHomeModes
INSTRUMENTATION_STATUS_CODE: 1
INSTRUMENTATION_STATUS: class=com.kazumaproject.markdownhelperkeyboard.setting_activity.SettingsNavigationLayoutInstrumentedTest
INSTRUMENTATION_STATUS: current=18
INSTRUMENTATION_STATUS: id=AndroidJUnitRunner
INSTRUMENTATION_STATUS: numtests=28
INSTRUMENTATION_STATUS: stream=.
INSTRUMENTATION_STATUS: test=recreationPreservesADetailDestinationInBothHomeModes
INSTRUMENTATION_STATUS_CODE: 0
INSTRUMENTATION_STATUS: class=com.kazumaproject.markdownhelperkeyboard.setting_activity.SettingsAsyncLoadingInstrumentedTest
INSTRUMENTATION_STATUS: current=19
INSTRUMENTATION_STATUS: id=AndroidJUnitRunner
INSTRUMENTATION_STATUS: numtests=28
INSTRUMENTATION_STATUS: stream=
com.kazumaproject.markdownhelperkeyboard.setting_activity.SettingsAsyncLoadingInstrumentedTest:
INSTRUMENTATION_STATUS: test=failedXmlLoadShowsRetryAndSuccessfulRetryBindsPreferences
INSTRUMENTATION_STATUS_CODE: 1
INSTRUMENTATION_STATUS: class=com.kazumaproject.markdownhelperkeyboard.setting_activity.SettingsAsyncLoadingInstrumentedTest
INSTRUMENTATION_STATUS: current=19
INSTRUMENTATION_STATUS: id=AndroidJUnitRunner
INSTRUMENTATION_STATUS: numtests=28
INSTRUMENTATION_STATUS: stream=.
INSTRUMENTATION_STATUS: test=failedXmlLoadShowsRetryAndSuccessfulRetryBindsPreferences
INSTRUMENTATION_STATUS_CODE: 0
INSTRUMENTATION_STATUS: class=com.kazumaproject.markdownhelperkeyboard.setting_activity.SettingsAsyncLoadingInstrumentedTest
INSTRUMENTATION_STATUS: current=20
INSTRUMENTATION_STATUS: id=AndroidJUnitRunner
INSTRUMENTATION_STATUS: numtests=28
INSTRUMENTATION_STATUS: stream=
INSTRUMENTATION_STATUS: test=everyLegacyPreferenceTabBindsItsItemsWithoutLoadingErrors
INSTRUMENTATION_STATUS_CODE: 1
INSTRUMENTATION_STATUS: class=com.kazumaproject.markdownhelperkeyboard.setting_activity.SettingsAsyncLoadingInstrumentedTest
INSTRUMENTATION_STATUS: current=20
INSTRUMENTATION_STATUS: id=AndroidJUnitRunner
INSTRUMENTATION_STATUS: numtests=28
INSTRUMENTATION_STATUS: stream=.
INSTRUMENTATION_STATUS: test=everyLegacyPreferenceTabBindsItsItemsWithoutLoadingErrors
INSTRUMENTATION_STATUS_CODE: 0
INSTRUMENTATION_STATUS: class=com.kazumaproject.markdownhelperkeyboard.setting_activity.SettingsAsyncLoadingInstrumentedTest
INSTRUMENTATION_STATUS: current=21
INSTRUMENTATION_STATUS: id=AndroidJUnitRunner
INSTRUMENTATION_STATUS: numtests=28
INSTRUMENTATION_STATUS: stream=
INSTRUMENTATION_STATUS: test=startupDisplaysProgressAndAcceptsBackWhilePreferencesAreDelayed
INSTRUMENTATION_STATUS_CODE: 1
INSTRUMENTATION_STATUS: class=com.kazumaproject.markdownhelperkeyboard.setting_activity.SettingsAsyncLoadingInstrumentedTest
INSTRUMENTATION_STATUS: current=21
INSTRUMENTATION_STATUS: id=AndroidJUnitRunner
INSTRUMENTATION_STATUS: numtests=28
INSTRUMENTATION_STATUS: stream=.
INSTRUMENTATION_STATUS: test=startupDisplaysProgressAndAcceptsBackWhilePreferencesAreDelayed
INSTRUMENTATION_STATUS_CODE: 0
INSTRUMENTATION_STATUS: class=com.kazumaproject.markdownhelperkeyboard.setting_activity.SettingsAsyncLoadingInstrumentedTest
INSTRUMENTATION_STATUS: current=22
INSTRUMENTATION_STATUS: id=AndroidJUnitRunner
INSTRUMENTATION_STATUS: numtests=28
INSTRUMENTATION_STATUS: stream=
INSTRUMENTATION_STATUS: test=databaseInitializationNeverBlocksMainInEitherHome
INSTRUMENTATION_STATUS_CODE: 1
INSTRUMENTATION_STATUS: class=com.kazumaproject.markdownhelperkeyboard.setting_activity.SettingsAsyncLoadingInstrumentedTest
INSTRUMENTATION_STATUS: current=22
INSTRUMENTATION_STATUS: id=AndroidJUnitRunner
INSTRUMENTATION_STATUS: numtests=28
INSTRUMENTATION_STATUS: stream=.
INSTRUMENTATION_STATUS: test=databaseInitializationNeverBlocksMainInEitherHome
INSTRUMENTATION_STATUS_CODE: 0
INSTRUMENTATION_STATUS: class=com.kazumaproject.markdownhelperkeyboard.setting_activity.SettingsAsyncLoadingInstrumentedTest
INSTRUMENTATION_STATUS: current=23
INSTRUMENTATION_STATUS: id=AndroidJUnitRunner
INSTRUMENTATION_STATUS: numtests=28
INSTRUMENTATION_STATUS: stream=
INSTRUMENTATION_STATUS: test=gemmaModelDiscoveryNeverBlocksMain
INSTRUMENTATION_STATUS_CODE: 1
INSTRUMENTATION_STATUS: class=com.kazumaproject.markdownhelperkeyboard.setting_activity.SettingsAsyncLoadingInstrumentedTest
INSTRUMENTATION_STATUS: current=23
INSTRUMENTATION_STATUS: id=AndroidJUnitRunner
INSTRUMENTATION_STATUS: numtests=28
INSTRUMENTATION_STATUS: stream=.
INSTRUMENTATION_STATUS: test=gemmaModelDiscoveryNeverBlocksMain
INSTRUMENTATION_STATUS_CODE: 0
INSTRUMENTATION_STATUS: class=com.kazumaproject.markdownhelperkeyboard.setting_activity.SettingsAsyncLoadingInstrumentedTest
INSTRUMENTATION_STATUS: current=24
INSTRUMENTATION_STATUS: id=AndroidJUnitRunner
INSTRUMENTATION_STATUS: numtests=28
INSTRUMENTATION_STATUS: stream=
INSTRUMENTATION_STATUS: test=packageInfoLoadingIsOffMainAndCanBeLeftWithBack
INSTRUMENTATION_STATUS_CODE: 1
INSTRUMENTATION_STATUS: class=com.kazumaproject.markdownhelperkeyboard.setting_activity.SettingsAsyncLoadingInstrumentedTest
INSTRUMENTATION_STATUS: current=24
INSTRUMENTATION_STATUS: id=AndroidJUnitRunner
INSTRUMENTATION_STATUS: numtests=28
INSTRUMENTATION_STATUS: stream=.
INSTRUMENTATION_STATUS: test=packageInfoLoadingIsOffMainAndCanBeLeftWithBack
INSTRUMENTATION_STATUS_CODE: 0
INSTRUMENTATION_STATUS: class=com.kazumaproject.markdownhelperkeyboard.setting_activity.SettingsAsyncLoadingInstrumentedTest
INSTRUMENTATION_STATUS: current=25
INSTRUMENTATION_STATUS: id=AndroidJUnitRunner
INSTRUMENTATION_STATUS: numtests=28
INSTRUMENTATION_STATUS: stream=
INSTRUMENTATION_STATUS: test=startupFontLoadingIsOffMainAndKeepsProgressVisible
INSTRUMENTATION_STATUS_CODE: 1
INSTRUMENTATION_STATUS: class=com.kazumaproject.markdownhelperkeyboard.setting_activity.SettingsAsyncLoadingInstrumentedTest
INSTRUMENTATION_STATUS: current=25
INSTRUMENTATION_STATUS: id=AndroidJUnitRunner
INSTRUMENTATION_STATUS: numtests=28
INSTRUMENTATION_STATUS: stream=.
INSTRUMENTATION_STATUS: test=startupFontLoadingIsOffMainAndKeepsProgressVisible
INSTRUMENTATION_STATUS_CODE: 0
INSTRUMENTATION_STATUS: class=com.kazumaproject.markdownhelperkeyboard.setting_activity.SettingsAsyncLoadingInstrumentedTest
INSTRUMENTATION_STATUS: current=26
INSTRUMENTATION_STATUS: id=AndroidJUnitRunner
INSTRUMENTATION_STATUS: numtests=28
INSTRUMENTATION_STATUS: stream=
INSTRUMENTATION_STATUS: test=searchIndexLoadingShowsProgressAndAcceptsBack
INSTRUMENTATION_STATUS_CODE: 1
INSTRUMENTATION_STATUS: class=com.kazumaproject.markdownhelperkeyboard.setting_activity.SettingsAsyncLoadingInstrumentedTest
INSTRUMENTATION_STATUS: current=26
INSTRUMENTATION_STATUS: id=AndroidJUnitRunner
INSTRUMENTATION_STATUS: numtests=28
INSTRUMENTATION_STATUS: stream=.
INSTRUMENTATION_STATUS: test=searchIndexLoadingShowsProgressAndAcceptsBack
INSTRUMENTATION_STATUS_CODE: 0
INSTRUMENTATION_STATUS: class=com.kazumaproject.markdownhelperkeyboard.setting_activity.SettingsAsyncLoadingInstrumentedTest
INSTRUMENTATION_STATUS: current=27
INSTRUMENTATION_STATUS: id=AndroidJUnitRunner
INSTRUMENTATION_STATUS: numtests=28
INSTRUMENTATION_STATUS: stream=
INSTRUMENTATION_STATUS: test=textMacroInitialReadShowsProgressAndAcceptsBack
INSTRUMENTATION_STATUS_CODE: 1
INSTRUMENTATION_STATUS: class=com.kazumaproject.markdownhelperkeyboard.setting_activity.SettingsAsyncLoadingInstrumentedTest
INSTRUMENTATION_STATUS: current=27
INSTRUMENTATION_STATUS: id=AndroidJUnitRunner
INSTRUMENTATION_STATUS: numtests=28
INSTRUMENTATION_STATUS: stream=.
INSTRUMENTATION_STATUS: test=textMacroInitialReadShowsProgressAndAcceptsBack
INSTRUMENTATION_STATUS_CODE: 0
INSTRUMENTATION_STATUS: class=com.kazumaproject.markdownhelperkeyboard.setting_activity.SettingsAsyncLoadingInstrumentedTest
INSTRUMENTATION_STATUS: current=28
INSTRUMENTATION_STATUS: id=AndroidJUnitRunner
INSTRUMENTATION_STATUS: numtests=28
INSTRUMENTATION_STATUS: stream=
INSTRUMENTATION_STATUS: test=legacyXmlLoadingAllowsSwitchingToReadyTabAndSurvivesRecreation
INSTRUMENTATION_STATUS_CODE: 1
INSTRUMENTATION_STATUS: class=com.kazumaproject.markdownhelperkeyboard.setting_activity.SettingsAsyncLoadingInstrumentedTest
INSTRUMENTATION_STATUS: current=28
INSTRUMENTATION_STATUS: id=AndroidJUnitRunner
INSTRUMENTATION_STATUS: numtests=28
INSTRUMENTATION_STATUS: stream=.
INSTRUMENTATION_STATUS: test=legacyXmlLoadingAllowsSwitchingToReadyTabAndSurvivesRecreation
INSTRUMENTATION_STATUS_CODE: 0
INSTRUMENTATION_RESULT: stream=

Time: 90.38

OK (28 tests)


INSTRUMENTATION_CODE: -1
